Release 14.7 - xst P.20131013 (lin64)
Copyright (c) 1995-2013 Xilinx, Inc.  All rights reserved.
--> 
Parameter TMPDIR set to xst/projnav.tmp


Total REAL time to Xst completion: 0.00 secs
Total CPU time to Xst completion: 0.03 secs
 
--> 
Parameter xsthdpdir set to xst


Total REAL time to Xst completion: 0.00 secs
Total CPU time to Xst completion: 0.03 secs
 
--> 
Reading design: Imem.prj

TABLE OF CONTENTS
  1) Synthesis Options Summary
  2) HDL Parsing
  3) HDL Elaboration
  4) HDL Synthesis
       4.1) HDL Synthesis Report
  5) Advanced HDL Synthesis
       5.1) Advanced HDL Synthesis Report
  6) Low Level Synthesis
  7) Partition Report
  8) Design Summary
       8.1) Primitive and Black Box Usage
       8.2) Device utilization summary
       8.3) Partition Resource Summary
       8.4) Timing Report
            8.4.1) Clock Information
            8.4.2) Asynchronous Control Signals Information
            8.4.3) Timing Summary
            8.4.4) Timing Details
            8.4.5) Cross Clock Domains Report


=========================================================================
*                      Synthesis Options Summary                        *
=========================================================================
---- Source Parameters
Input File Name                    : "Imem.prj"
Ignore Synthesis Constraint File   : NO

---- Target Parameters
Output File Name                   : "Imem"
Output Format                      : NGC
Target Device                      : xc6slx9-3-tqg144

---- Source Options
Top Module Name                    : Imem
Automatic FSM Extraction           : YES
FSM Encoding Algorithm             : Auto
Safe Implementation                : No
FSM Style                          : LUT
RAM Extraction                     : Yes
RAM Style                          : Auto
ROM Extraction                     : Yes
Shift Register Extraction          : YES
ROM Style                          : Auto
Resource Sharing                   : YES
Asynchronous To Synchronous        : NO
Shift Register Minimum Size        : 2
Use DSP Block                      : Auto
Automatic Register Balancing       : No

---- Target Options
LUT Combining                      : Auto
Reduce Control Sets                : Auto
Add IO Buffers                     : YES
Global Maximum Fanout              : 100000
Add Generic Clock Buffer(BUFG)     : 16
Register Duplication               : YES
Optimize Instantiated Primitives   : NO
Use Clock Enable                   : Auto
Use Synchronous Set                : Auto
Use Synchronous Reset              : Auto
Pack IO Registers into IOBs        : Auto
Equivalent register Removal        : YES

---- General Options
Optimization Goal                  : Speed
Optimization Effort                : 1
Power Reduction                    : NO
Keep Hierarchy                     : No
Netlist Hierarchy                  : As_Optimized
RTL Output                         : Yes
Global Optimization                : AllClockNets
Read Cores                         : YES
Write Timing Constraints           : NO
Cross Clock Analysis               : NO
Hierarchy Separator                : /
Bus Delimiter                      : <>
Case Specifier                     : Maintain
Slice Utilization Ratio            : 100
BRAM Utilization Ratio             : 100
DSP48 Utilization Ratio            : 100
Auto BRAM Packing                  : NO
Slice Utilization Ratio Delta      : 5

=========================================================================


=========================================================================
*                          HDL Parsing                                  *
=========================================================================
Parsing VHDL file "/home/zwakrim/Documents/computerarch/mips/Imem.vhd" into library work
Parsing entity <Imem>.
Parsing architecture <Behavioral> of entity <imem>.

=========================================================================
*                            HDL Elaboration                            *
=========================================================================

Elaborating entity <Imem> (architecture <Behavioral>) from library <work>.
WARNING:HDLCompiler:634 - "/home/zwakrim/Documents/computerarch/mips/Imem.vhd" Line 38: Net <memproc.memory[8][31]> does not have a driver.

=========================================================================
*                           HDL Synthesis                               *
=========================================================================

Synthesizing Unit <Imem>.
    Related source file is "/home/zwakrim/Documents/computerarch/mips/Imem.vhd".
WARNING:Xst:647 - Input <addr<1:0>> is never used. This port will be preserved and left unconnected if it belongs to a top-level block or it belongs to a sub-block and the hierarchy of this sub-block is preserved.
WARNING:Xst:647 - Input <addr<31:7>> is never used. This port will be preserved and left unconnected if it belongs to a top-level block or it belongs to a sub-block and the hierarchy of this sub-block is preserved.
WARNING:Xst:2935 - Signal 'memproc.memory<8>', unconnected in block 'Imem', is tied to its initial value (00000000000000000000000000000000).
WARNING:Xst:2935 - Signal 'memproc.memory<9>', unconnected in block 'Imem', is tied to its initial value (00000000000000000000000000000000).
WARNING:Xst:2935 - Signal 'memproc.memory<10>', unconnected in block 'Imem', is tied to its initial value (00000000000000000000000000000000).
WARNING:Xst:2935 - Signal 'memproc.memory<11>', unconnected in block 'Imem', is tied to its initial value (00000000000000000000000000000000).
WARNING:Xst:2935 - Signal 'memproc.memory<12>', unconnected in block 'Imem', is tied to its initial value (00000000000000000000000000000000).
WARNING:Xst:2935 - Signal 'memproc.memory<13>', unconnected in block 'Imem', is tied to its initial value (00000000000000000000000000000000).
WARNING:Xst:2935 - Signal 'memproc.memory<14>', unconnected in block 'Imem', is tied to its initial value (00000000000000000000000000000000).
WARNING:Xst:2935 - Signal 'memproc.memory<15>', unconnected in block 'Imem', is tied to its initial value (00000000000000000000000000000000).
WARNING:Xst:2935 - Signal 'memproc.memory<16>', unconnected in block 'Imem', is tied to its initial value (00000000000000000000000000000000).
WARNING:Xst:2935 - Signal 'memproc.memory<17>', unconnected in block 'Imem', is tied to its initial value (00000000000000000000000000000000).
WARNING:Xst:2935 - Signal 'memproc.memory<18>', unconnected in block 'Imem', is tied to its initial value (00000000000000000000000000000000).
WARNING:Xst:2935 - Signal 'memproc.memory<19>', unconnected in block 'Imem', is tied to its initial value (00000000000000000000000000000000).
WARNING:Xst:2935 - Signal 'memproc.memory<20>', unconnected in block 'Imem', is tied to its initial value (00000000000000000000000000000000).
WARNING:Xst:2935 - Signal 'memproc.memory<21>', unconnected in block 'Imem', is tied to its initial value (00000000000000000000000000000000).
WARNING:Xst:2935 - Signal 'memproc.memory<22>', unconnected in block 'Imem', is tied to its initial value (00000000000000000000000000000000).
WARNING:Xst:2935 - Signal 'memproc.memory<23>', unconnected in block 'Imem', is tied to its initial value (00000000000000000000000000000000).
WARNING:Xst:2935 - Signal 'memproc.memory<24>', unconnected in block 'Imem', is tied to its initial value (00000000000000000000000000000000).
WARNING:Xst:2935 - Signal 'memproc.memory<25>', unconnected in block 'Imem', is tied to its initial value (00000000000000000000000000000000).
WARNING:Xst:2935 - Signal 'memproc.memory<26>', unconnected in block 'Imem', is tied to its initial value (00000000000000000000000000000000).
WARNING:Xst:2935 - Signal 'memproc.memory<27>', unconnected in block 'Imem', is tied to its initial value (00000000000000000000000000000000).
WARNING:Xst:2935 - Signal 'memproc.memory<28>', unconnected in block 'Imem', is tied to its initial value (00000000000000000000000000000000).
WARNING:Xst:2935 - Signal 'memproc.memory<29>', unconnected in block 'Imem', is tied to its initial value (00000000000000000000000000000000).
WARNING:Xst:2935 - Signal 'memproc.memory<30>', unconnected in block 'Imem', is tied to its initial value (00000000000000000000000000000000).
WARNING:Xst:2935 - Signal 'memproc.memory<31>', unconnected in block 'Imem', is tied to its initial value (00000000000000000000000000000000).
    Found 32-bit register for signal <instruction>.
    Found 32x32-bit Read Only RAM for signal <addr[6]_memproc.memory[31][31]_wide_mux_0_OUT>
    Summary:
	inferred   1 RAM(s).
	inferred  32 D-type flip-flop(s).
Unit <Imem> synthesized.

=========================================================================
HDL Synthesis Report

Macro Statistics
# RAMs                                                 : 1
 32x32-bit single-port Read Only RAM                   : 1
# Registers                                            : 1
 32-bit register                                       : 1

=========================================================================

=========================================================================
*                       Advanced HDL Synthesis                          *
=========================================================================


Synthesizing (advanced) Unit <Imem>.
INFO:Xst:3231 - The small RAM <Mram_addr[6]_memproc.memory[31][31]_wide_mux_0_OUT> will be implemented on LUTs in order to maximize performance and save block RAM resources. If you want to force its implementation on block, use option/constraint ram_style.
    -----------------------------------------------------------------------
    | ram_type           | Distributed                         |          |
    -----------------------------------------------------------------------
    | Port A                                                              |
    |     aspect ratio   | 32-word x 32-bit                    |          |
    |     weA            | connected to signal <GND>           | high     |
    |     addrA          | connected to signal <addr>          |          |
    |     diA            | connected to signal <GND>           |          |
    |     doA            | connected to internal node          |          |
    -----------------------------------------------------------------------
Unit <Imem> synthesized (advanced).

=========================================================================
Advanced HDL Synthesis Report

Macro Statistics
# RAMs                                                 : 1
 32x32-bit single-port distributed Read Only RAM       : 1
# Registers                                            : 32
 Flip-Flops                                            : 32

=========================================================================

=========================================================================
*                         Low Level Synthesis                           *
=========================================================================
WARNING:Xst:1710 - FF/Latch <instruction_31> (without init value) has a constant value of 0 in block <Imem>. This FF/Latch will be trimmed during the optimization process.
WARNING:Xst:1895 - Due to other FF/Latch trimming, FF/Latch <instruction_30> (without init value) has a constant value of 0 in block <Imem>. This FF/Latch will be trimmed during the optimization process.
WARNING:Xst:1895 - Due to other FF/Latch trimming, FF/Latch <instruction_29> (without init value) has a constant value of 0 in block <Imem>. This FF/Latch will be trimmed during the optimization process.
WARNING:Xst:1895 - Due to other FF/Latch trimming, FF/Latch <instruction_27> (without init value) has a constant value of 0 in block <Imem>. This FF/Latch will be trimmed during the optimization process.
WARNING:Xst:1895 - Due to other FF/Latch trimming, FF/Latch <instruction_26> (without init value) has a constant value of 0 in block <Imem>. This FF/Latch will be trimmed during the optimization process.
WARNING:Xst:1895 - Due to other FF/Latch trimming, FF/Latch <instruction_25> (without init value) has a constant value of 0 in block <Imem>. This FF/Latch will be trimmed during the optimization process.
WARNING:Xst:1895 - Due to other FF/Latch trimming, FF/Latch <instruction_23> (without init value) has a constant value of 0 in block <Imem>. This FF/Latch will be trimmed during the optimization process.
WARNING:Xst:1895 - Due to other FF/Latch trimming, FF/Latch <instruction_22> (without init value) has a constant value of 0 in block <Imem>. This FF/Latch will be trimmed during the optimization process.
WARNING:Xst:1895 - Due to other FF/Latch trimming, FF/Latch <instruction_21> (without init value) has a constant value of 0 in block <Imem>. This FF/Latch will be trimmed during the optimization process.
WARNING:Xst:1895 - Due to other FF/Latch trimming, FF/Latch <instruction_19> (without init value) has a constant value of 0 in block <Imem>. This FF/Latch will be trimmed during the optimization process.
WARNING:Xst:1895 - Due to other FF/Latch trimming, FF/Latch <instruction_18> (without init value) has a constant value of 0 in block <Imem>. This FF/Latch will be trimmed during the optimization process.
WARNING:Xst:1895 - Due to other FF/Latch trimming, FF/Latch <instruction_17> (without init value) has a constant value of 0 in block <Imem>. This FF/Latch will be trimmed during the optimization process.
WARNING:Xst:1895 - Due to other FF/Latch trimming, FF/Latch <instruction_16> (without init value) has a constant value of 0 in block <Imem>. This FF/Latch will be trimmed during the optimization process.
WARNING:Xst:1895 - Due to other FF/Latch trimming, FF/Latch <instruction_15> (without init value) has a constant value of 0 in block <Imem>. This FF/Latch will be trimmed during the optimization process.
WARNING:Xst:1895 - Due to other FF/Latch trimming, FF/Latch <instruction_14> (without init value) has a constant value of 0 in block <Imem>. This FF/Latch will be trimmed during the optimization process.
WARNING:Xst:1895 - Due to other FF/Latch trimming, FF/Latch <instruction_13> (without init value) has a constant value of 0 in block <Imem>. This FF/Latch will be trimmed during the optimization process.
WARNING:Xst:1895 - Due to other FF/Latch trimming, FF/Latch <instruction_11> (without init value) has a constant value of 0 in block <Imem>. This FF/Latch will be trimmed during the optimization process.
WARNING:Xst:1895 - Due to other FF/Latch trimming, FF/Latch <instruction_10> (without init value) has a constant value of 0 in block <Imem>. This FF/Latch will be trimmed during the optimization process.
WARNING:Xst:1895 - Due to other FF/Latch trimming, FF/Latch <instruction_9> (without init value) has a constant value of 0 in block <Imem>. This FF/Latch will be trimmed during the optimization process.
WARNING:Xst:1895 - Due to other FF/Latch trimming, FF/Latch <instruction_7> (without init value) has a constant value of 0 in block <Imem>. This FF/Latch will be trimmed during the optimization process.
WARNING:Xst:1895 - Due to other FF/Latch trimming, FF/Latch <instruction_6> (without init value) has a constant value of 0 in block <Imem>. This FF/Latch will be trimmed during the optimization process.
WARNING:Xst:1895 - Due to other FF/Latch trimming, FF/Latch <instruction_5> (without init value) has a constant value of 0 in block <Imem>. This FF/Latch will be trimmed during the optimization process.
WARNING:Xst:1895 - Due to other FF/Latch trimming, FF/Latch <instruction_3> (without init value) has a constant value of 0 in block <Imem>. This FF/Latch will be trimmed during the optimization process.
WARNING:Xst:1895 - Due to other FF/Latch trimming, FF/Latch <instruction_2> (without init value) has a constant value of 0 in block <Imem>. This FF/Latch will be trimmed during the optimization process.
WARNING:Xst:1895 - Due to other FF/Latch trimming, FF/Latch <instruction_1> (without init value) has a constant value of 0 in block <Imem>. This FF/Latch will be trimmed during the optimization process.

Optimizing unit <Imem> ...

Mapping all equations...
Building and optimizing final netlist ...
Found area constraint ratio of 100 (+ 5) on block Imem, actual ratio is 0.

Final Macro Processing ...

=========================================================================
Final Register Report

Macro Statistics
# Registers                                            : 7
 Flip-Flops                                            : 7

=========================================================================

=========================================================================
*                           Partition Report                            *
=========================================================================

Partition Implementation Status
-------------------------------

  No Partitions were found in this design.

-------------------------------

=========================================================================
*                            Design Summary                             *
=========================================================================

Top Level Output File Name         : Imem.ngc

Primitive and Black Box Usage:
------------------------------
# BELS                             : 8
#      GND                         : 1
#      LUT2                        : 1
#      LUT4                        : 1
#      LUT5                        : 5
# FlipFlops/Latches                : 7
#      FD                          : 7
# Clock Buffers                    : 1
#      BUFGP                       : 1
# IO Buffers                       : 37
#      IBUF                        : 5
#      OBUF                        : 32

Device utilization summary:
---------------------------

Selected Device : 6slx9tqg144-3 


Slice Logic Utilization: 
 Number of Slice LUTs:                    7  out of   5720     0%  
    Number used as Logic:                 7  out of   5720     0%  

Slice Logic Distribution: 
 Number of LUT Flip Flop pairs used:      7
   Number with an unused Flip Flop:       7  out of      7   100%  
   Number with an unused LUT:             0  out of      7     0%  
   Number of fully used LUT-FF pairs:     0  out of      7     0%  
   Number of unique control sets:         1

IO Utilization: 
 Number of IOs:                          65
 Number of bonded IOBs:                  38  out of    102    37%  
    IOB Flip Flops/Latches:               7

Specific Feature Utilization:
 Number of BUFG/BUFGCTRLs:                1  out of     16     6%  

---------------------------
Partition Resource Summary:
---------------------------

  No Partitions were found in this design.

---------------------------


=========================================================================
Timing Report

NOTE: THESE TIMING NUMBERS ARE ONLY A SYNTHESIS ESTIMATE.
      FOR ACCURATE TIMING INFORMATION PLEASE REFER TO THE TRACE REPORT
      GENERATED AFTER PLACE-and-ROUTE.

Clock Information:
------------------
-----------------------------------+------------------------+-------+
Clock Signal                       | Clock buffer(FF name)  | Load  |
-----------------------------------+------------------------+-------+
clk                                | BUFGP                  | 7     |
-----------------------------------+------------------------+-------+

Asynchronous Control Signals Information:
----------------------------------------
No asynchronous control signals found in this design

Timing Summary:
---------------
Speed Grade: -3

   Minimum period: No path found
   Minimum input arrival time before clock: 2.645ns
   Maximum output required time after clock: 3.597ns
   Maximum combinational path delay: No path found

Timing Details:
---------------
All values displayed in nanoseconds (ns)

=========================================================================
Timing constraint: Default OFFSET IN BEFORE for Clock 'clk'
  Total number of paths / destination ports: 31 / 7
-------------------------------------------------------------------------
Offset:              2.645ns (Levels of Logic = 2)
  Source:            addr<5> (PAD)
  Destination:       instruction_0 (FF)
  Destination Clock: clk rising

  Data Path: addr<5> to instruction_0
                                Gate     Net
    Cell:in->out      fanout   Delay   Delay  Logical Name (Net Name)
    ----------------------------------------  ------------
     IBUF:I->O             7   1.222   1.118  addr_5_IBUF (addr_5_IBUF)
     LUT5:I0->O            1   0.203   0.000  Mram_addr[6]_memproc.memory[31][31]_wide_mux_0_OUT11 (Mram_addr[6]_memproc.memory[31][31]_wide_mux_0_OUT)
     FD:D                      0.102          instruction_0
    ----------------------------------------
    Total                      2.645ns (1.527ns logic, 1.118ns route)
                                       (57.7% logic, 42.3% route)

=========================================================================
Timing constraint: Default OFFSET OUT AFTER for Clock 'clk'
  Total number of paths / destination ports: 7 / 7
-------------------------------------------------------------------------
Offset:              3.597ns (Levels of Logic = 1)
  Source:            instruction_28 (FF)
  Destination:       instruction<28> (PAD)
  Source Clock:      clk rising

  Data Path: instruction_28 to instruction<28>
                                Gate     Net
    Cell:in->out      fanout   Delay   Delay  Logical Name (Net Name)
    ----------------------------------------  ------------
     FD:C->Q               1   0.447   0.579  instruction_28 (instruction_28)
     OBUF:I->O                 2.571          instruction_28_OBUF (instruction<28>)
    ----------------------------------------
    Total                      3.597ns (3.018ns logic, 0.579ns route)
                                       (83.9% logic, 16.1% route)

=========================================================================

Cross Clock Domains Report:
--------------------------

=========================================================================


Total REAL time to Xst completion: 4.00 secs
Total CPU time to Xst completion: 3.91 secs
 
--> 


Total memory usage is 388180 kilobytes

Number of errors   :    0 (   0 filtered)
Number of warnings :   52 (   0 filtered)
Number of infos    :    1 (   0 filtered)

